{"__type":"$$EventMessageWorkflow","id":"a2e41a30-2a99-44aa-8416-1346bde578f3","ts":"2026-01-16T05:07:45.166+00:00","eventName":"n8n.workflow.started","message":"n8n.workflow.started","payload":{"executionId":"39","workflowId":"1QfFKeKPeALCB1uuEfz7u","isManual":false,"workflowName":"My workflow"}}
{"__type":"$$EventMessageConfirm","confirm":"a2e41a30-2a99-44aa-8416-1346bde578f3","ts":"2026-01-16T05:07:45.168+00:00","source":{"id":"0","name":"eventBus"}}
{"__type":"$$EventMessageNode","id":"383af76a-921d-48b3-ad24-5a21179fe900","ts":"2026-01-16T05:07:45.172+00:00","eventName":"n8n.node.started","message":"n8n.node.started","payload":{"workflowId":"1QfFKeKPeALCB1uuEfz7u","workflowName":"My workflow","executionId":"39","nodeType":"n8n-nodes-base.code","nodeName":"Code in JavaScript","nodeId":"814297e2-ed5b-432b-b398-5ad13a2d605a"}}
{"__type":"$$EventMessageConfirm","confirm":"383af76a-921d-48b3-ad24-5a21179fe900","ts":"2026-01-16T05:07:45.173+00:00","source":{"id":"0","name":"eventBus"}}
{"__type":"$$EventMessageRunner","id":"39cb6164-f7d6-47fc-b7ff-b34cfab87109","ts":"2026-01-16T05:07:45.189+00:00","eventName":"n8n.runner.task.requested","message":"n8n.runner.task.requested","payload":{"taskId":"HG6XO4Ld","nodeId":"814297e2-ed5b-432b-b398-5ad13a2d605a","workflowId":"1QfFKeKPeALCB1uuEfz7u","executionId":"39"}}
{"__type":"$$EventMessageConfirm","confirm":"39cb6164-f7d6-47fc-b7ff-b34cfab87109","ts":"2026-01-16T05:07:45.190+00:00","source":{"id":"0","name":"eventBus"}}
{"__type":"$$EventMessageNode","id":"fdbb6f9e-b88e-442c-991c-c12f25a9da90","ts":"2026-01-16T05:07:45.320+00:00","eventName":"n8n.node.finished","message":"n8n.node.finished","payload":{"workflowId":"1QfFKeKPeALCB1uuEfz7u","workflowName":"My workflow","executionId":"39","nodeType":"n8n-nodes-base.code","nodeName":"Code in JavaScript","nodeId":"814297e2-ed5b-432b-b398-5ad13a2d605a"}}
{"__type":"$$EventMessageConfirm","confirm":"fdbb6f9e-b88e-442c-991c-c12f25a9da90","ts":"2026-01-16T05:07:45.320+00:00","source":{"id":"0","name":"eventBus"}}
{"__type":"$$EventMessageWorkflow","id":"86bed595-8de9-41b9-9f73-cb582685faa5","ts":"2026-01-16T05:07:45.331+00:00","eventName":"n8n.workflow.failed","message":"n8n.workflow.failed","payload":{"userId":"592f0f2c-8979-4df5-bc32-f4084e3785ed","executionId":"39","success":false,"isManual":true,"workflowId":"1QfFKeKPeALCB1uuEfz7u","workflowName":"My workflow","lastNodeExecuted":"Code in JavaScript","errorMessage":"Module 'fs' is disallowed [line 2]"}}
{"__type":"$$EventMessageConfirm","confirm":"86bed595-8de9-41b9-9f73-cb582685faa5","ts":"2026-01-16T05:07:45.332+00:00","source":{"id":"0","name":"eventBus"}}
{"__type":"$$EventMessageAudit","id":"307f2d35-b446-4d2f-846e-086aa42d7e03","ts":"2026-01-16T05:09:34.346+00:00","eventName":"n8n.audit.workflow.updated","message":"n8n.audit.workflow.updated","payload":{"userId":"592f0f2c-8979-4df5-bc32-f4084e3785ed","_email":"lkf1234567i@gmail.com","_firstName":"Kaifeng","_lastName":"Li","globalRole":"global:owner","workflowId":"1QfFKeKPeALCB1uuEfz7u","workflowName":"My workflow"}}
{"__type":"$$EventMessageConfirm","confirm":"307f2d35-b446-4d2f-846e-086aa42d7e03","ts":"2026-01-16T05:09:34.346+00:00","source":{"id":"0","name":"eventBus"}}
{"__type":"$$EventMessageWorkflow","id":"caf1508e-6525-47a8-940c-a27b6fa9d36a","ts":"2026-01-16T05:09:51.340+00:00","eventName":"n8n.workflow.started","message":"n8n.workflow.started","payload":{"executionId":"40","workflowId":"1QfFKeKPeALCB1uuEfz7u","isManual":false,"workflowName":"My workflow"}}
{"__type":"$$EventMessageConfirm","confirm":"caf1508e-6525-47a8-940c-a27b6fa9d36a","ts":"2026-01-16T05:09:51.340+00:00","source":{"id":"0","name":"eventBus"}}
{"__type":"$$EventMessageNode","id":"46597ae0-9173-4cf6-a025-e92f27e68f47","ts":"2026-01-16T05:09:51.342+00:00","eventName":"n8n.node.started","message":"n8n.node.started","payload":{"workflowId":"1QfFKeKPeALCB1uuEfz7u","workflowName":"My workflow","executionId":"40","nodeType":"n8n-nodes-base.code","nodeName":"Code in JavaScript","nodeId":"6e845250-9a4e-45b1-9b0a-a9a7937a87e7"}}
{"__type":"$$EventMessageConfirm","confirm":"46597ae0-9173-4cf6-a025-e92f27e68f47","ts":"2026-01-16T05:09:51.342+00:00","source":{"id":"0","name":"eventBus"}}
{"__type":"$$EventMessageRunner","id":"3bdf8daf-82d1-49e0-94b6-de0a41b20f42","ts":"2026-01-16T05:09:51.345+00:00","eventName":"n8n.runner.task.requested","message":"n8n.runner.task.requested","payload":{"taskId":"jxZmY2nJ","nodeId":"6e845250-9a4e-45b1-9b0a-a9a7937a87e7","workflowId":"1QfFKeKPeALCB1uuEfz7u","executionId":"40"}}
{"__type":"$$EventMessageConfirm","confirm":"3bdf8daf-82d1-49e0-94b6-de0a41b20f42","ts":"2026-01-16T05:09:51.346+00:00","source":{"id":"0","name":"eventBus"}}
{"__type":"$$EventMessageNode","id":"7e7051b5-9ee1-4da1-8e57-84f9d9f94e51","ts":"2026-01-16T05:09:51.359+00:00","eventName":"n8n.node.finished","message":"n8n.node.finished","payload":{"workflowId":"1QfFKeKPeALCB1uuEfz7u","workflowName":"My workflow","executionId":"40","nodeType":"n8n-nodes-base.code","nodeName":"Code in JavaScript","nodeId":"6e845250-9a4e-45b1-9b0a-a9a7937a87e7"}}
{"__type":"$$EventMessageConfirm","confirm":"7e7051b5-9ee1-4da1-8e57-84f9d9f94e51","ts":"2026-01-16T05:09:51.359+00:00","source":{"id":"0","name":"eventBus"}}
{"__type":"$$EventMessageWorkflow","id":"cea868cf-be70-438b-b03e-ccf6e0e4e62f","ts":"2026-01-16T05:09:51.363+00:00","eventName":"n8n.workflow.failed","message":"n8n.workflow.failed","payload":{"userId":"592f0f2c-8979-4df5-bc32-f4084e3785ed","executionId":"40","success":false,"isManual":true,"workflowId":"1QfFKeKPeALCB1uuEfz7u","workflowName":"My workflow","lastNodeExecuted":"Code in JavaScript","errorMessage":"Module 'fs' is disallowed [line 2]"}}
{"__type":"$$EventMessageConfirm","confirm":"cea868cf-be70-438b-b03e-ccf6e0e4e62f","ts":"2026-01-16T05:09:51.364+00:00","source":{"id":"0","name":"eventBus"}}
{"__type":"$$EventMessageWorkflow","id":"1f0ee696-5801-424d-9ea5-b1470fad1e42","ts":"2026-01-16T05:09:52.886+00:00","eventName":"n8n.workflow.started","message":"n8n.workflow.started","payload":{"executionId":"41","workflowId":"1QfFKeKPeALCB1uuEfz7u","isManual":false,"workflowName":"My workflow"}}
{"__type":"$$EventMessageConfirm","confirm":"1f0ee696-5801-424d-9ea5-b1470fad1e42","ts":"2026-01-16T05:09:52.886+00:00","source":{"id":"0","name":"eventBus"}}
{"__type":"$$EventMessageNode","id":"c9e2c25c-95ad-485f-b43e-29d3e1e8c1cf","ts":"2026-01-16T05:09:52.888+00:00","eventName":"n8n.node.started","message":"n8n.node.started","payload":{"workflowId":"1QfFKeKPeALCB1uuEfz7u","workflowName":"My workflow","executionId":"41","nodeType":"n8n-nodes-base.code","nodeName":"Code in JavaScript","nodeId":"6e845250-9a4e-45b1-9b0a-a9a7937a87e7"}}
{"__type":"$$EventMessageConfirm","confirm":"c9e2c25c-95ad-485f-b43e-29d3e1e8c1cf","ts":"2026-01-16T05:09:52.888+00:00","source":{"id":"0","name":"eventBus"}}
{"__type":"$$EventMessageRunner","id":"3c6e6659-fdd3-4e9f-81c6-a73fbed8c7d9","ts":"2026-01-16T05:09:52.891+00:00","eventName":"n8n.runner.task.requested","message":"n8n.runner.task.requested","payload":{"taskId":"HmzPPPIU","nodeId":"6e845250-9a4e-45b1-9b0a-a9a7937a87e7","workflowId":"1QfFKeKPeALCB1uuEfz7u","executionId":"41"}}
{"__type":"$$EventMessageConfirm","confirm":"3c6e6659-fdd3-4e9f-81c6-a73fbed8c7d9","ts":"2026-01-16T05:09:52.891+00:00","source":{"id":"0","name":"eventBus"}}
{"__type":"$$EventMessageNode","id":"142acd8f-8a4c-4ed5-9b5b-cdfe5f35f760","ts":"2026-01-16T05:09:52.904+00:00","eventName":"n8n.node.finished","message":"n8n.node.finished","payload":{"workflowId":"1QfFKeKPeALCB1uuEfz7u","workflowName":"My workflow","executionId":"41","nodeType":"n8n-nodes-base.code","nodeName":"Code in JavaScript","nodeId":"6e845250-9a4e-45b1-9b0a-a9a7937a87e7"}}
{"__type":"$$EventMessageConfirm","confirm":"142acd8f-8a4c-4ed5-9b5b-cdfe5f35f760","ts":"2026-01-16T05:09:52.904+00:00","source":{"id":"0","name":"eventBus"}}
{"__type":"$$EventMessageWorkflow","id":"51adcb82-4e09-4adb-baa7-3b6cde3afb9a","ts":"2026-01-16T05:09:52.911+00:00","eventName":"n8n.workflow.failed","message":"n8n.workflow.failed","payload":{"userId":"592f0f2c-8979-4df5-bc32-f4084e3785ed","executionId":"41","success":false,"isManual":true,"workflowId":"1QfFKeKPeALCB1uuEfz7u","workflowName":"My workflow","lastNodeExecuted":"Code in JavaScript","errorMessage":"Module 'fs' is disallowed [line 2]"}}
{"__type":"$$EventMessageConfirm","confirm":"51adcb82-4e09-4adb-baa7-3b6cde3afb9a","ts":"2026-01-16T05:09:52.912+00:00","source":{"id":"0","name":"eventBus"}}
{"__type":"$$EventMessageWorkflow","id":"e02f1712-c6dd-4c8d-bcd5-e20ad38e2acc","ts":"2026-01-16T05:09:53.892+00:00","eventName":"n8n.workflow.started","message":"n8n.workflow.started","payload":{"executionId":"42","workflowId":"1QfFKeKPeALCB1uuEfz7u","isManual":false,"workflowName":"My workflow"}}
{"__type":"$$EventMessageConfirm","confirm":"e02f1712-c6dd-4c8d-bcd5-e20ad38e2acc","ts":"2026-01-16T05:09:53.892+00:00","source":{"id":"0","name":"eventBus"}}
{"__type":"$$EventMessageNode","id":"0e35e46f-14f0-4896-b526-dc50412fa526","ts":"2026-01-16T05:09:53.893+00:00","eventName":"n8n.node.started","message":"n8n.node.started","payload":{"workflowId":"1QfFKeKPeALCB1uuEfz7u","workflowName":"My workflow","executionId":"42","nodeType":"n8n-nodes-base.code","nodeName":"Code in JavaScript","nodeId":"6e845250-9a4e-45b1-9b0a-a9a7937a87e7"}}
{"__type":"$$EventMessageConfirm","confirm":"0e35e46f-14f0-4896-b526-dc50412fa526","ts":"2026-01-16T05:09:53.893+00:00","source":{"id":"0","name":"eventBus"}}
{"__type":"$$EventMessageRunner","id":"2de95488-a240-4f5a-9892-ad0dd0fa78ff","ts":"2026-01-16T05:09:53.895+00:00","eventName":"n8n.runner.task.requested","message":"n8n.runner.task.requested","payload":{"taskId":"bxgbk0xp","nodeId":"6e845250-9a4e-45b1-9b0a-a9a7937a87e7","workflowId":"1QfFKeKPeALCB1uuEfz7u","executionId":"42"}}
{"__type":"$$EventMessageConfirm","confirm":"2de95488-a240-4f5a-9892-ad0dd0fa78ff","ts":"2026-01-16T05:09:53.895+00:00","source":{"id":"0","name":"eventBus"}}
{"__type":"$$EventMessageNode","id":"8da5cba7-a283-4f4f-9213-0378735bf611","ts":"2026-01-16T05:09:53.903+00:00","eventName":"n8n.node.finished","message":"n8n.node.finished","payload":{"workflowId":"1QfFKeKPeALCB1uuEfz7u","workflowName":"My workflow","executionId":"42","nodeType":"n8n-nodes-base.code","nodeName":"Code in JavaScript","nodeId":"6e845250-9a4e-45b1-9b0a-a9a7937a87e7"}}
{"__type":"$$EventMessageConfirm","confirm":"8da5cba7-a283-4f4f-9213-0378735bf611","ts":"2026-01-16T05:09:53.903+00:00","source":{"id":"0","name":"eventBus"}}
{"__type":"$$EventMessageWorkflow","id":"c96dfe45-b555-4c5f-8e94-7c8c7a99b16f","ts":"2026-01-16T05:09:53.906+00:00","eventName":"n8n.workflow.failed","message":"n8n.workflow.failed","payload":{"userId":"592f0f2c-8979-4df5-bc32-f4084e3785ed","executionId":"42","success":false,"isManual":true,"workflowId":"1QfFKeKPeALCB1uuEfz7u","workflowName":"My workflow","lastNodeExecuted":"Code in JavaScript","errorMessage":"Module 'fs' is disallowed [line 2]"}}
{"__type":"$$EventMessageConfirm","confirm":"c96dfe45-b555-4c5f-8e94-7c8c7a99b16f","ts":"2026-01-16T05:09:53.906+00:00","source":{"id":"0","name":"eventBus"}}
{"__type":"$$EventMessageWorkflow","id":"016662fa-ea9a-45cf-b63c-69382794bbf1","ts":"2026-01-16T05:12:36.234+00:00","eventName":"n8n.workflow.started","message":"n8n.workflow.started","payload":{"executionId":"43","workflowId":"1QfFKeKPeALCB1uuEfz7u","isManual":false,"workflowName":"My workflow"}}
{"__type":"$$EventMessageConfirm","confirm":"016662fa-ea9a-45cf-b63c-69382794bbf1","ts":"2026-01-16T05:12:36.234+00:00","source":{"id":"0","name":"eventBus"}}
{"__type":"$$EventMessageNode","id":"c6a2941a-efa5-4145-b527-b95bfa587377","ts":"2026-01-16T05:12:36.236+00:00","eventName":"n8n.node.started","message":"n8n.node.started","payload":{"workflowId":"1QfFKeKPeALCB1uuEfz7u","workflowName":"My workflow","executionId":"43","nodeType":"n8n-nodes-base.readWriteFile","nodeName":"Read/Write Files from Disk","nodeId":"849568fa-02c1-4dda-830b-76063cc5b338"}}
{"__type":"$$EventMessageConfirm","confirm":"c6a2941a-efa5-4145-b527-b95bfa587377","ts":"2026-01-16T05:12:36.236+00:00","source":{"id":"0","name":"eventBus"}}
{"__type":"$$EventMessageNode","id":"c53299b2-4e00-4932-9e2e-909fe0859c19","ts":"2026-01-16T05:12:36.310+00:00","eventName":"n8n.node.finished","message":"n8n.node.finished","payload":{"workflowId":"1QfFKeKPeALCB1uuEfz7u","workflowName":"My workflow","executionId":"43","nodeType":"n8n-nodes-base.readWriteFile","nodeName":"Read/Write Files from Disk","nodeId":"849568fa-02c1-4dda-830b-76063cc5b338"}}
{"__type":"$$EventMessageConfirm","confirm":"c53299b2-4e00-4932-9e2e-909fe0859c19","ts":"2026-01-16T05:12:36.310+00:00","source":{"id":"0","name":"eventBus"}}
{"__type":"$$EventMessageWorkflow","id":"7d04febf-a7e4-461c-9d67-b53eaa2f531c","ts":"2026-01-16T05:12:36.315+00:00","eventName":"n8n.workflow.failed","message":"n8n.workflow.failed","payload":{"userId":"592f0f2c-8979-4df5-bc32-f4084e3785ed","executionId":"43","success":false,"isManual":true,"workflowId":"1QfFKeKPeALCB1uuEfz7u","workflowName":"My workflow","lastNodeExecuted":"Read/Write Files from Disk","errorNodeType":"n8n-nodes-base.readWriteFile","errorMessage":"Access to the file is not allowed. Allowed paths: /home/node/.n8n-files"}}
{"__type":"$$EventMessageConfirm","confirm":"7d04febf-a7e4-461c-9d67-b53eaa2f531c","ts":"2026-01-16T05:12:36.315+00:00","source":{"id":"0","name":"eventBus"}}
